2026-03-09 16:40:02,090 - HTTP Request: HEAD https://huggingface.co/bert-base-uncased/resolve/main/tokenizer_config.json "HTTP/1.1 200 OK"
2026-03-09 16:40:02,874 - HTTP Request: GET https://huggingface.co/api/models/bert-base-uncased/tree/main/additional_chat_templates?recursive=false&expand=false "HTTP/1.1 307 Temporary Redirect"
2026-03-09 16:40:03,146 - HTTP Request: GET https://huggingface.co/api/models/google-bert/bert-base-uncased/tree/main/additional_chat_templates?recursive=false&expand=false "HTTP/1.1 404 Not Found"
2026-03-09 16:40:03,409 - HTTP Request: GET https://huggingface.co/api/models/bert-base-uncased/tree/main?recursive=true&expand=false "HTTP/1.1 307 Temporary Redirect"
2026-03-09 16:40:03,412 - HTTP Request: GET https://huggingface.co/api/models/google-bert/bert-base-uncased/tree/main?recursive=true&expand=false "HTTP/1.1 200 OK"
2026-03-09 16:40:03,772 - HTTP Request: HEAD https://huggingface.co/bert-base-uncased/resolve/main/config.json "HTTP/1.1 200 OK"
2026-03-09 16:40:03,772 - Warning: You are sending unauthenticated requests to the HF Hub. Please set a HF_TOKEN to enable higher rate limits and faster downloads.
2026-03-09 16:40:04,045 - HTTP Request: HEAD https://huggingface.co/bert-base-uncased/resolve/main/model.safetensors "HTTP/1.1 302 Found"
2026-03-09 16:40:08,136 - Results:
Original Avg Time: 6.35 ms | Throughput: 157.42 sent/sec
SpAtten Avg Time:  14.62 ms | Throughput: 68.40 sent/sec
Speedup: 0.43x

Seq Len    | Orig Time(ms)   | SpAtten Time(ms)   | Speedup   
------------------------------------------------------------
128        | 3.24            | 10.84              | 0.30      x
256        | 3.10            | 10.76              | 0.29      x
512        | 5.00            | 10.80              | 0.46      x
1024       | 9.48            | 10.77              | 0.88      x
2048       | 24.61           | 19.63              | 1.25      x
4096       | 75.59           | 50.21              | 1.51      x
8192       | 237.02          | 162.78             | 1.46      x

gather v:
Seq Len    | Orig Time(ms)   | SpAtten Time(ms)   | Speedup   
------------------------------------------------------------
128        | 3.33            | 10.87              | 0.31      x
256        | 2.84            | 13.76              | 0.21      x
512        | 3.55            | 10.47              | 0.34      x
1024       | 6.92            | 12.84              | 0.54      x
2048       | 17.45           | 32.52              | 0.54      x
4096       | 50.52           | 108.61             | 0.47      x
8192       | 157.94          | 370.14             | 0.43      x

Seq Len    | Orig Time(ms)   | SpAtten Time(ms)   | Speedup   
------------------------------------------------------------
128        | 2.51            | 12.50              | 0.20      x
256        | 2.83            | 11.94              | 0.24      x
512        | 3.46            | 12.38              | 0.28      x
1024       | 6.87            | 11.80              | 0.58      x
2048       | 17.30           | 29.31              | 0.59      x
4096       | 50.28           | 91.07              | 0.55      x
8192       | 157.41          | 321.53             | 0.49      x